Analysis & Synthesis report for serial
Mon Jul 03 15:35:34 2017
Quartus II 64-Bit Version 13.0.0 Build 156 04/24/2013 SJ Full Version


---------------------
; Table of Contents ;
---------------------
  1. Legal Notice
  2. Analysis & Synthesis Summary
  3. Analysis & Synthesis Settings
  4. Parallel Compilation
  5. Analysis & Synthesis Source Files Read
  6. Analysis & Synthesis Resource Usage Summary
  7. Analysis & Synthesis Resource Utilization by Entity
  8. State Machine - |serial1|display:inst1|state
  9. State Machine - |serial1|keyboard:inst5|state
 10. Registers Removed During Synthesis
 11. General Register Statistics
 12. Multiplexer Restructuring Statistics (Restructuring Performed)
 13. Parameter Settings for User Entity Instance: anti_shake:inst4
 14. Parameter Settings for User Entity Instance: keyboard:inst5
 15. Parameter Settings for User Entity Instance: display:inst1
 16. Elapsed Time Per Partition
 17. Analysis & Synthesis Messages
 18. Analysis & Synthesis Suppressed Messages



----------------
; Legal Notice ;
----------------
Copyright (C) 1991-2013 Altera Corporation
Your use of Altera Corporation's design tools, logic functions 
and other software and tools, and its AMPP partner logic 
functions, and any output files from any of the foregoing 
(including device programming or simulation files), and any 
associated documentation or information are expressly subject 
to the terms and conditions of the Altera Program License 
Subscription Agreement, Altera MegaCore Function License 
Agreement, or other applicable license agreement, including, 
without limitation, that your use is for the sole purpose of 
programming logic devices manufactured by Altera and sold by 
Altera or its authorized distributors.  Please refer to the 
applicable agreement for further details.



+----------------------------------------------------------------------------------+
; Analysis & Synthesis Summary                                                     ;
+------------------------------------+---------------------------------------------+
; Analysis & Synthesis Status        ; Successful - Mon Jul 03 15:35:34 2017       ;
; Quartus II 64-Bit Version          ; 13.0.0 Build 156 04/24/2013 SJ Full Version ;
; Revision Name                      ; serial                                      ;
; Top-level Entity Name              ; serial1                                     ;
; Family                             ; Cyclone II                                  ;
; Total logic elements               ; 1,570                                       ;
;     Total combinational functions  ; 1,560                                       ;
;     Dedicated logic registers      ; 168                                         ;
; Total registers                    ; 168                                         ;
; Total pins                         ; 23                                          ;
; Total virtual pins                 ; 0                                           ;
; Total memory bits                  ; 0                                           ;
; Embedded Multiplier 9-bit elements ; 0                                           ;
; Total PLLs                         ; 0                                           ;
+------------------------------------+---------------------------------------------+


+----------------------------------------------------------------------------------------------------------------------+
; Analysis & Synthesis Settings                                                                                        ;
+----------------------------------------------------------------------------+--------------------+--------------------+
; Option                                                                     ; Setting            ; Default Value      ;
+----------------------------------------------------------------------------+--------------------+--------------------+
; Device                                                                     ; EP2C5Q208C8        ;                    ;
; Top-level entity name                                                      ; serial1            ; serial             ;
; Family name                                                                ; Cyclone II         ; Cyclone IV GX      ;
; Use smart compilation                                                      ; Off                ; Off                ;
; Enable parallel Assembler and TimeQuest Timing Analyzer during compilation ; On                 ; On                 ;
; Enable compact report table                                                ; Off                ; Off                ;
; Restructure Multiplexers                                                   ; Auto               ; Auto               ;
; Create Debugging Nodes for IP Cores                                        ; Off                ; Off                ;
; Preserve fewer node names                                                  ; On                 ; On                 ;
; Disable OpenCore Plus hardware evaluation                                  ; Off                ; Off                ;
; Verilog Version                                                            ; Verilog_2001       ; Verilog_2001       ;
; VHDL Version                                                               ; VHDL_1993          ; VHDL_1993          ;
; State Machine Processing                                                   ; Auto               ; Auto               ;
; Safe State Machine                                                         ; Off                ; Off                ;
; Extract Verilog State Machines                                             ; On                 ; On                 ;
; Extract VHDL State Machines                                                ; On                 ; On                 ;
; Ignore Verilog initial constructs                                          ; Off                ; Off                ;
; Iteration limit for constant Verilog loops                                 ; 5000               ; 5000               ;
; Iteration limit for non-constant Verilog loops                             ; 250                ; 250                ;
; Add Pass-Through Logic to Inferred RAMs                                    ; On                 ; On                 ;
; Infer RAMs from Raw Logic                                                  ; On                 ; On                 ;
; Parallel Synthesis                                                         ; On                 ; On                 ;
; DSP Block Balancing                                                        ; Auto               ; Auto               ;
; NOT Gate Push-Back                                                         ; On                 ; On                 ;
; Power-Up Don't Care                                                        ; On                 ; On                 ;
; Remove Redundant Logic Cells                                               ; Off                ; Off                ;
; Remove Duplicate Registers                                                 ; On                 ; On                 ;
; Ignore CARRY Buffers                                                       ; Off                ; Off                ;
; Ignore CASCADE Buffers                                                     ; Off                ; Off                ;
; Ignore GLOBAL Buffers                                                      ; Off                ; Off                ;
; Ignore ROW GLOBAL Buffers                                                  ; Off                ; Off                ;
; Ignore LCELL Buffers                                                       ; Off                ; Off                ;
; Ignore SOFT Buffers                                                        ; On                 ; On                 ;
; Limit AHDL Integers to 32 Bits                                             ; Off                ; Off                ;
; Optimization Technique                                                     ; Balanced           ; Balanced           ;
; Carry Chain Length                                                         ; 70                 ; 70                 ;
; Auto Carry Chains                                                          ; On                 ; On                 ;
; Auto Open-Drain Pins                                                       ; On                 ; On                 ;
; Perform WYSIWYG Primitive Resynthesis                                      ; Off                ; Off                ;
; Auto ROM Replacement                                                       ; On                 ; On                 ;
; Auto RAM Replacement                                                       ; On                 ; On                 ;
; Auto Shift Register Replacement                                            ; Auto               ; Auto               ;
; Allow Shift Register Merging across Hierarchies                            ; Auto               ; Auto               ;
; Auto Clock Enable Replacement                                              ; On                 ; On                 ;
; Strict RAM Replacement                                                     ; Off                ; Off                ;
; Allow Synchronous Control Signals                                          ; On                 ; On                 ;
; Force Use of Synchronous Clear Signals                                     ; Off                ; Off                ;
; Auto RAM to Logic Cell Conversion                                          ; Off                ; Off                ;
; Auto Resource Sharing                                                      ; Off                ; Off                ;
; Allow Any RAM Size For Recognition                                         ; Off                ; Off                ;
; Allow Any ROM Size For Recognition                                         ; Off                ; Off                ;
; Allow Any Shift Register Size For Recognition                              ; Off                ; Off                ;
; Use LogicLock Constraints during Resource Balancing                        ; On                 ; On                 ;
; Ignore translate_off and synthesis_off directives                          ; Off                ; Off                ;
; Timing-Driven Synthesis                                                    ; Off                ; Off                ;
; Report Parameter Settings                                                  ; On                 ; On                 ;
; Report Source Assignments                                                  ; On                 ; On                 ;
; Report Connectivity Checks                                                 ; On                 ; On                 ;
; Ignore Maximum Fan-Out Assignments                                         ; Off                ; Off                ;
; Synchronization Register Chain Length                                      ; 2                  ; 2                  ;
; PowerPlay Power Optimization                                               ; Normal compilation ; Normal compilation ;
; HDL message level                                                          ; Level2             ; Level2             ;
; Suppress Register Optimization Related Messages                            ; Off                ; Off                ;
; Number of Removed Registers Reported in Synthesis Report                   ; 5000               ; 5000               ;
; Number of Swept Nodes Reported in Synthesis Report                         ; 5000               ; 5000               ;
; Number of Inverted Registers Reported in Synthesis Report                  ; 100                ; 100                ;
; Clock MUX Protection                                                       ; On                 ; On                 ;
; Auto Gated Clock Conversion                                                ; Off                ; Off                ;
; Block Design Naming                                                        ; Auto               ; Auto               ;
; SDC constraint protection                                                  ; Off                ; Off                ;
; Synthesis Effort                                                           ; Auto               ; Auto               ;
; Shift Register Replacement - Allow Asynchronous Clear Signal               ; On                 ; On                 ;
; Pre-Mapping Resynthesis Optimization                                       ; Off                ; Off                ;
; Analysis & Synthesis Message Level                                         ; Medium             ; Medium             ;
; Disable Register Merging Across Hierarchies                                ; Auto               ; Auto               ;
; Resource Aware Inference For Block RAM                                     ; On                 ; On                 ;
; Synthesis Seed                                                             ; 1                  ; 1                  ;
+----------------------------------------------------------------------------+--------------------+--------------------+


+------------------------------------------+
; Parallel Compilation                     ;
+----------------------------+-------------+
; Processors                 ; Number      ;
+----------------------------+-------------+
; Number detected on machine ; 4           ;
; Maximum allowed            ; 2           ;
;                            ;             ;
; Average used               ; 1.00        ;
; Maximum used               ; 1           ;
;                            ;             ;
; Usage by Processor         ; % Time Used ;
;     Processor 1            ; 100.0%      ;
;     Processors 2-4         ;   0.0%      ;
+----------------------------+-------------+


+----------------------------------------------------------------------------------------------------------------------------------------------+
; Analysis & Synthesis Source Files Read                                                                                                       ;
+----------------------------------+-----------------+------------------------------------+------------------------------------------+---------+
; File Name with User-Entered Path ; Used in Netlist ; File Type                          ; File Name with Absolute Path             ; Library ;
+----------------------------------+-----------------+------------------------------------+------------------------------------------+---------+
; serial_output.v                  ; yes             ; User Verilog HDL File              ; C:/altera/13.0/EX_serial/serial_output.v ;         ;
; keyboard.v                       ; yes             ; User Verilog HDL File              ; C:/altera/13.0/EX_serial/keyboard.v      ;         ;
; key_out.v                        ; yes             ; User Verilog HDL File              ; C:/altera/13.0/EX_serial/key_out.v       ;         ;
; divider.v                        ; yes             ; User Verilog HDL File              ; C:/altera/13.0/EX_serial/divider.v       ;         ;
; display.v                        ; yes             ; User Verilog HDL File              ; C:/altera/13.0/EX_serial/display.v       ;         ;
; anti_shake.v                     ; yes             ; User Verilog HDL File              ; C:/altera/13.0/EX_serial/anti_shake.v    ;         ;
; serial1.bdf                      ; yes             ; User Block Diagram/Schematic File  ; C:/altera/13.0/EX_serial/serial1.bdf     ;         ;
+----------------------------------+-----------------+------------------------------------+------------------------------------------+---------+


+---------------------------------------------------------------------------+
; Analysis & Synthesis Resource Usage Summary                               ;
+---------------------------------------------+-----------------------------+
; Resource                                    ; Usage                       ;
+---------------------------------------------+-----------------------------+
; Estimated Total logic elements              ; 1,570                       ;
;                                             ;                             ;
; Total combinational functions               ; 1560                        ;
; Logic element usage by number of LUT inputs ;                             ;
;     -- 4 input functions                    ; 1118                        ;
;     -- 3 input functions                    ; 283                         ;
;     -- <=2 input functions                  ; 159                         ;
;                                             ;                             ;
; Logic elements by mode                      ;                             ;
;     -- normal mode                          ; 1487                        ;
;     -- arithmetic mode                      ; 73                          ;
;                                             ;                             ;
; Total registers                             ; 168                         ;
;     -- Dedicated logic registers            ; 168                         ;
;     -- I/O registers                        ; 0                           ;
;                                             ;                             ;
; I/O pins                                    ; 23                          ;
; Embedded Multiplier 9-bit elements          ; 0                           ;
; Maximum fan-out node                        ; key_out:inst3|OUT_number[4] ;
; Maximum fan-out                             ; 177                         ;
; Total fan-out                               ; 6134                        ;
; Average fan-out                             ; 3.50                        ;
+---------------------------------------------+-----------------------------+


+--------------------------------------------------------------------------------------------------------------------------------------------------------------------------------------+
; Analysis & Synthesis Resource Utilization by Entity                                                                                                                                  ;
+----------------------------+-------------------+--------------+-------------+--------------+---------+-----------+------+--------------+------------------------------+--------------+
; Compilation Hierarchy Node ; LC Combinationals ; LC Registers ; Memory Bits ; DSP Elements ; DSP 9x9 ; DSP 18x18 ; Pins ; Virtual Pins ; Full Hierarchy Name          ; Library Name ;
+----------------------------+-------------------+--------------+-------------+--------------+---------+-----------+------+--------------+------------------------------+--------------+
; |serial1                   ; 1560 (0)          ; 168 (0)      ; 0           ; 0            ; 0       ; 0         ; 23   ; 0            ; |serial1                     ;              ;
;    |anti_shake:inst4|      ; 3 (3)             ; 6 (6)        ; 0           ; 0            ; 0       ; 0         ; 0    ; 0            ; |serial1|anti_shake:inst4    ;              ;
;    |display:inst1|         ; 70 (70)           ; 4 (4)        ; 0           ; 0            ; 0       ; 0         ; 0    ; 0            ; |serial1|display:inst1       ;              ;
;    |divider:inst|          ; 147 (147)         ; 66 (66)      ; 0           ; 0            ; 0       ; 0         ; 0    ; 0            ; |serial1|divider:inst        ;              ;
;    |key_out:inst3|         ; 76 (76)           ; 70 (70)      ; 0           ; 0            ; 0       ; 0         ; 0    ; 0            ; |serial1|key_out:inst3       ;              ;
;    |keyboard:inst5|        ; 51 (51)           ; 11 (11)      ; 0           ; 0            ; 0       ; 0         ; 0    ; 0            ; |serial1|keyboard:inst5      ;              ;
;    |serial_output:inst2|   ; 1213 (1213)       ; 11 (11)      ; 0           ; 0            ; 0       ; 0         ; 0    ; 0            ; |serial1|serial_output:inst2 ;              ;
+----------------------------+-------------------+--------------+-------------+--------------+---------+-----------+------+--------------+------------------------------+--------------+
Note: For table entries with two numbers listed, the numbers in parentheses indicate the number of resources of the given type used by the specific entity alone. The numbers listed outside of parentheses indicate the total resources of the given type used by the specific entity and all of its sub-entities in the hierarchy.


Encoding Type:  One-Hot
+------------------------------------------------------+
; State Machine - |serial1|display:inst1|state         ;
+----------+----------+----------+----------+----------+
; Name     ; state.S3 ; state.S2 ; state.S1 ; state.00 ;
+----------+----------+----------+----------+----------+
; state.00 ; 0        ; 0        ; 0        ; 0        ;
; state.S1 ; 0        ; 0        ; 1        ; 1        ;
; state.S2 ; 0        ; 1        ; 0        ; 1        ;
; state.S3 ; 1        ; 0        ; 0        ; 1        ;
+----------+----------+----------+----------+----------+


Encoding Type:  One-Hot
+------------------------------------------------------+
; State Machine - |serial1|keyboard:inst5|state        ;
+----------+----------+----------+----------+----------+
; Name     ; state.S3 ; state.S2 ; state.S1 ; state.00 ;
+----------+----------+----------+----------+----------+
; state.00 ; 0        ; 0        ; 0        ; 0        ;
; state.S1 ; 0        ; 0        ; 1        ; 1        ;
; state.S2 ; 0        ; 1        ; 0        ; 1        ;
; state.S3 ; 1        ; 0        ; 0        ; 1        ;
+----------+----------+----------+----------+----------+


+----------------------------------------------------------------------------+
; Registers Removed During Synthesis                                         ;
+---------------------------------------+------------------------------------+
; Register name                         ; Reason for Removal                 ;
+---------------------------------------+------------------------------------+
; display:inst1|state~2                 ; Lost fanout                        ;
; display:inst1|state~3                 ; Lost fanout                        ;
; keyboard:inst5|state~2                ; Lost fanout                        ;
; keyboard:inst5|state~3                ; Lost fanout                        ;
; keyboard:inst5|state.S3               ; Merged with display:inst1|state.S3 ;
; keyboard:inst5|state.S2               ; Merged with display:inst1|state.S2 ;
; keyboard:inst5|state.S1               ; Merged with display:inst1|state.S1 ;
; keyboard:inst5|state.00               ; Merged with display:inst1|state.00 ;
; Total Number of Removed Registers = 8 ;                                    ;
+---------------------------------------+------------------------------------+


+------------------------------------------------------+
; General Register Statistics                          ;
+----------------------------------------------+-------+
; Statistic                                    ; Value ;
+----------------------------------------------+-------+
; Total registers                              ; 168   ;
; Number of registers using Synchronous Clear  ; 0     ;
; Number of registers using Synchronous Load   ; 0     ;
; Number of registers using Asynchronous Clear ; 81    ;
; Number of registers using Asynchronous Load  ; 0     ;
; Number of registers using Clock Enable       ; 69    ;
; Number of registers using Preset             ; 0     ;
+----------------------------------------------+-------+


+----------------------------------------------------------------------------------------------------------------------------------------------------+
; Multiplexer Restructuring Statistics (Restructuring Performed)                                                                                     ;
+--------------------+-----------+---------------+----------------------+------------------------+------------+--------------------------------------+
; Multiplexer Inputs ; Bus Width ; Baseline Area ; Area if Restructured ; Saving if Restructured ; Registered ; Example Multiplexer Output           ;
+--------------------+-----------+---------------+----------------------+------------------------+------------+--------------------------------------+
; 3:1                ; 4 bits    ; 8 LEs         ; 4 LEs                ; 4 LEs                  ; Yes        ; |serial1|key_out:inst3|OUT_value[63] ;
; 3:1                ; 65 bits   ; 130 LEs       ; 65 LEs               ; 65 LEs                 ; Yes        ; |serial1|key_out:inst3|OUT_value[57] ;
; 5:1                ; 2 bits    ; 6 LEs         ; 2 LEs                ; 4 LEs                  ; Yes        ; |serial1|keyboard:inst5|flag[1]      ;
; 4:1                ; 8 bits    ; 16 LEs        ; 16 LEs               ; 0 LEs                  ; No         ; |serial1|serial_output:inst2|n       ;
; 8:1                ; 7 bits    ; 35 LEs        ; 28 LEs               ; 7 LEs                  ; No         ; |serial1|display:inst1|Selector0     ;
+--------------------+-----------+---------------+----------------------+------------------------+------------+--------------------------------------+


+---------------------------------------------------------------+
; Parameter Settings for User Entity Instance: anti_shake:inst4 ;
+----------------+-------+--------------------------------------+
; Parameter Name ; Value ; Type                                 ;
+----------------+-------+--------------------------------------+
; s0             ; 0     ; Signed Integer                       ;
; s1             ; 1     ; Signed Integer                       ;
+----------------+-------+--------------------------------------+
Note: In order to hide this table in the UI and the text report file, please set the "Show Parameter Settings in Synthesis Report" option in "Analysis and Synthesis Settings -> More Settings" to "Off".


+-------------------------------------------------------------+
; Parameter Settings for User Entity Instance: keyboard:inst5 ;
+----------------+-------+------------------------------------+
; Parameter Name ; Value ; Type                               ;
+----------------+-------+------------------------------------+
; S0             ; 0     ; Signed Integer                     ;
; S1             ; 1     ; Signed Integer                     ;
; S2             ; 2     ; Signed Integer                     ;
; S3             ; 3     ; Signed Integer                     ;
+----------------+-------+------------------------------------+
Note: In order to hide this table in the UI and the text report file, please set the "Show Parameter Settings in Synthesis Report" option in "Analysis and Synthesis Settings -> More Settings" to "Off".


+------------------------------------------------------------+
; Parameter Settings for User Entity Instance: display:inst1 ;
+----------------+----------+--------------------------------+
; Parameter Name ; Value    ; Type                           ;
+----------------+----------+--------------------------------+
; S0             ; 0        ; Signed Integer                 ;
; S1             ; 1        ; Signed Integer                 ;
; S2             ; 2        ; Signed Integer                 ;
; S3             ; 3        ; Signed Integer                 ;
; DNULL          ; 11111111 ; Unsigned Binary                ;
; D0             ; 00000011 ; Unsigned Binary                ;
; D1             ; 10011111 ; Unsigned Binary                ;
; D2             ; 00100101 ; Unsigned Binary                ;
; D3             ; 00001101 ; Unsigned Binary                ;
; D4             ; 10011001 ; Unsigned Binary                ;
; D5             ; 01001001 ; Unsigned Binary                ;
; D6             ; 01000001 ; Unsigned Binary                ;
; D7             ; 00011111 ; Unsigned Binary                ;
; D8             ; 00000001 ; Unsigned Binary                ;
; D9             ; 00001001 ; Unsigned Binary                ;
; DA             ; 00010001 ; Unsigned Binary                ;
; DB             ; 11000001 ; Unsigned Binary                ;
; DC             ; 01100011 ; Unsigned Binary                ;
; DD             ; 10000101 ; Unsigned Binary                ;
; DE             ; 01100001 ; Unsigned Binary                ;
; DF             ; 01110001 ; Unsigned Binary                ;
+----------------+----------+--------------------------------+
Note: In order to hide this table in the UI and the text report file, please set the "Show Parameter Settings in Synthesis Report" option in "Analysis and Synthesis Settings -> More Settings" to "Off".


+-------------------------------+
; Elapsed Time Per Partition    ;
+----------------+--------------+
; Partition Name ; Elapsed Time ;
+----------------+--------------+
; Top            ; 00:00:08     ;
+----------------+--------------+


+-------------------------------+
; Analysis & Synthesis Messages ;
+-------------------------------+
Info: *******************************************************************
Info: Running Quartus II 64-Bit Analysis & Synthesis
    Info: Version 13.0.0 Build 156 04/24/2013 SJ Full Version
    Info: Processing started: Mon Jul 03 15:35:24 2017
Info: Command: quartus_map --read_settings_files=on --write_settings_files=off serial -c serial
Info (11104): Parallel Compilation has detected 4 hyper-threaded processors. However, the extra hyper-threaded processors will not be used by default. Parallel Compilation will use 2 of the 2 physical processors detected instead.
Info (12021): Found 1 design units, including 1 entities, in source file test1.v
    Info (12023): Found entity 1: test1
Info (12021): Found 1 design units, including 1 entities, in source file serial_output.v
    Info (12023): Found entity 1: serial_output
Info (12021): Found 1 design units, including 1 entities, in source file keyboard.v
    Info (12023): Found entity 1: keyboard
Info (12021): Found 1 design units, including 1 entities, in source file key_out.v
    Info (12023): Found entity 1: key_out
Info (12021): Found 1 design units, including 1 entities, in source file divider.v
    Info (12023): Found entity 1: divider
Info (12021): Found 1 design units, including 1 entities, in source file display.v
    Info (12023): Found entity 1: display
Info (12021): Found 1 design units, including 1 entities, in source file anti_shake.v
    Info (12023): Found entity 1: anti_shake
Info (12021): Found 1 design units, including 1 entities, in source file serial_in.v
    Info (12023): Found entity 1: serial_in
Info (12021): Found 1 design units, including 1 entities, in source file serial1.bdf
    Info (12023): Found entity 1: serial1
Info (12127): Elaborating entity "serial1" for the top level hierarchy
Info (12128): Elaborating entity "serial_output" for hierarchy "serial_output:inst2"
Warning (10235): Verilog HDL Always Construct warning at serial_output.v(25): variable "IN_value" is read inside the Always Construct but isn't in the Always Construct's Event Control
Warning (10230): Verilog HDL assignment warning at serial_output.v(30): truncated value with size 64 to match size of target (4)
Warning (10230): Verilog HDL assignment warning at serial_output.v(33): truncated value with size 32 to match size of target (4)
Warning (10230): Verilog HDL assignment warning at serial_output.v(70): truncated value with size 32 to match size of target (8)
Info (12128): Elaborating entity "divider" for hierarchy "divider:inst"
Info (12128): Elaborating entity "key_out" for hierarchy "key_out:inst3"
Warning (10230): Verilog HDL assignment warning at key_out.v(14): truncated value with size 32 to match size of target (3)
Warning (10230): Verilog HDL assignment warning at key_out.v(28): truncated value with size 68 to match size of target (64)
Warning (10230): Verilog HDL assignment warning at key_out.v(29): truncated value with size 32 to match size of target (5)
Warning (10230): Verilog HDL assignment warning at key_out.v(33): truncated value with size 32 to match size of target (5)
Info (12128): Elaborating entity "anti_shake" for hierarchy "anti_shake:inst4"
Warning (10230): Verilog HDL assignment warning at anti_shake.v(19): truncated value with size 32 to match size of target (1)
Warning (10230): Verilog HDL assignment warning at anti_shake.v(21): truncated value with size 32 to match size of target (1)
Info (12128): Elaborating entity "keyboard" for hierarchy "keyboard:inst5"
Warning (10230): Verilog HDL assignment warning at keyboard.v(67): truncated value with size 32 to match size of target (2)
Info (10264): Verilog HDL Case Statement information at keyboard.v(58): all case item expressions in this case statement are onehot
Warning (10230): Verilog HDL assignment warning at keyboard.v(86): truncated value with size 32 to match size of target (2)
Info (10264): Verilog HDL Case Statement information at keyboard.v(77): all case item expressions in this case statement are onehot
Warning (10230): Verilog HDL assignment warning at keyboard.v(105): truncated value with size 32 to match size of target (2)
Info (10264): Verilog HDL Case Statement information at keyboard.v(96): all case item expressions in this case statement are onehot
Warning (10230): Verilog HDL assignment warning at keyboard.v(125): truncated value with size 32 to match size of target (2)
Info (10264): Verilog HDL Case Statement information at keyboard.v(116): all case item expressions in this case statement are onehot
Info (12128): Elaborating entity "display" for hierarchy "display:inst1"
Warning (13004): Presettable and clearable registers converted to equivalent circuits with latches. Registers power-up to an undefined state, and DEVCLRn places the registers in an undefined state.
    Warning (13310): Register "serial_output:inst2|OUT_ser" is converted into an equivalent circuit using register "serial_output:inst2|OUT_ser~_emulated" and latch "serial_output:inst2|OUT_ser~1"
    Warning (13310): Register "serial_output:inst2|OUT_shanke_hand" is converted into an equivalent circuit using register "serial_output:inst2|OUT_shanke_hand~_emulated" and latch "serial_output:inst2|OUT_shanke_hand~1"
    Warning (13310): Register "serial_output:inst2|flag" is converted into an equivalent circuit using register "serial_output:inst2|flag~_emulated" and latch "serial_output:inst2|flag~1"
    Warning (13310): Register "serial_output:inst2|n[7]" is converted into an equivalent circuit using register "serial_output:inst2|n[7]~_emulated" and latch "serial_output:inst2|n[7]~1"
    Warning (13310): Register "serial_output:inst2|n[6]" is converted into an equivalent circuit using register "serial_output:inst2|n[6]~_emulated" and latch "serial_output:inst2|n[6]~5"
    Warning (13310): Register "serial_output:inst2|n[1]" is converted into an equivalent circuit using register "serial_output:inst2|n[1]~_emulated" and latch "serial_output:inst2|n[1]~9"
    Warning (13310): Register "serial_output:inst2|n[0]" is converted into an equivalent circuit using register "serial_output:inst2|n[0]~_emulated" and latch "serial_output:inst2|n[0]~13"
    Warning (13310): Register "serial_output:inst2|n[2]" is converted into an equivalent circuit using register "serial_output:inst2|n[2]~_emulated" and latch "serial_output:inst2|n[2]~17"
    Warning (13310): Register "serial_output:inst2|n[3]" is converted into an equivalent circuit using register "serial_output:inst2|n[3]~_emulated" and latch "serial_output:inst2|n[3]~21"
    Warning (13310): Register "serial_output:inst2|n[5]" is converted into an equivalent circuit using register "serial_output:inst2|n[5]~_emulated" and latch "serial_output:inst2|n[5]~25"
    Warning (13310): Register "serial_output:inst2|n[4]" is converted into an equivalent circuit using register "serial_output:inst2|n[4]~_emulated" and latch "serial_output:inst2|n[4]~29"
Warning (13024): Output pins are stuck at VCC or GND
    Warning (13410): Pin "seq[0]" is stuck at VCC
Info (17049): 4 registers lost all their fanouts during netlist optimizations.
Info (144001): Generated suppressed messages file C:/altera/13.0/EX_serial/output_files/serial.map.smsg
Info (16010): Generating hard_block partition "hard_block:auto_generated_inst"
    Info (16011): Adding 0 node(s), including 0 DDIO, 0 PLL, 0 transceiver and 0 LCELL
Info (21057): Implemented 1605 device resources after synthesis - the final resource count might be different
    Info (21058): Implemented 6 input pins
    Info (21059): Implemented 17 output pins
    Info (21061): Implemented 1582 logic cells
Info: Quartus II 64-Bit Analysis & Synthesis was successful. 0 errors, 28 warnings
    Info: Peak virtual memory: 459 megabytes
    Info: Processing ended: Mon Jul 03 15:35:34 2017
    Info: Elapsed time: 00:00:10
    Info: Total CPU time (on all processors): 00:00:10


+------------------------------------------+
; Analysis & Synthesis Suppressed Messages ;
+------------------------------------------+
The suppressed messages can be found in C:/altera/13.0/EX_serial/output_files/serial.map.smsg.


